Fatal error: exception Failure("lexing: empty token")
