Fatal error: exception Failure("illegal assignment ")
