Fatal error: exception Failure("Semant Err: duplicate local variable declarations ( i )")
