Fatal error: exception Failure("Append needs two objects")
