Fatal error: exception Failure("unrecognized function digo_main")
