Fatal error: exception Failure("illgal slice index: non-integer index")
