Fatal error: exception Failure("Built-in Append being called on non-slice object")
