Fatal error: exception Failure("AssignOp error: left hand side is invalid")
