Fatal error: exception Failure("short decl assignment mismatch: 1 variables but 2 values")
