Fatal error: exception Failure("error: read is not supported for int")
