Fatal error: exception Failure("Sement Err: undeclared identifier i")
