Fatal error: exception Failure("Semant Err: digo_main should be no-arugment.")
