Fatal error: exception Failure("Built-in Append object and element are not compatible due to different type")
