Fatal error: exception Failure("assignment mismatch: 1 variables but 2 values")
