Fatal error: exception Failure("Built-in Len being called on non-slice object i")
