Fatal error: exception Failure("Statements appear after Return")
