Fatal error: exception Failure("Semant Err: duplicate function foo")
