Fatal error: exception Failure("illegal VoidType in argument : a")
