Fatal error: exception Failure("Semant Err: undeclared future object foo")
