[hedfa, fdafedf, fdafe, hello]
[1234, 4234fff, da4dfa, dfa4fda]
[1, 2, 3, 4, 5, 6, 7]
